â–¿ 1 element
  - <NSLayoutConstraint UIView.centerX == UIView.centerX + 10   (active)>
