â–¿ 1 element
  - <NSLayoutConstraint H:|-(0)-[UIView]   (active, names: '|':UIView )>
