â–¿ 1 element
  - <NSLayoutConstraint V:|-(0)-[UIView]   (active, names: '|':UIView )>
