â–¿ 1 element
  - <NSLayoutConstraint UIView.bottom == UIView.bottom   (active)>
