â–¿ 1 element
  - <NSLayoutConstraint UIView.trailing == UIView.trailing   (active)>
