â–¿ 1 element
  - <NSLayoutConstraint UIView.centerY == UIView.centerY + 10   (active)>
